// Jest Snapshot v1, https://goo.gl/fbAQLP

exports[`<Main /> should render the heading 1`] = `
.c0 {
  background-color: #06092b;
  color: #fff;
  width: 100%;
  height: 100%;
  display: -webkit-box;
  display: -webkit-flex;
  display: -ms-flexbox;
  display: flex;
  -webkit-box-pack: center;
  -webkit-justify-content: center;
  -ms-flex-pack: center;
  justify-content: center;
  -webkit-align-items: center;
  -webkit-box-align: center;
  -ms-flex-align: center;
  align-items: center;
  -webkit-flex-direction: column;
  -ms-flex-direction: column;
  flex-direction: column;
}

.c0 h1 {
  margin-bottom: 1rem;
  font-size: 2.5rem;
}

.c0 h3 {
  font-weight: 400;
  font-size: 2rem;
}

<main
  class="c0"
>
  <h1>
    React Avan√ßado
  </h1>
  <h3>
    TypeScript, ReactJS, NextJS e Styled Components
  </h3>
</main>
`
